// Jest Snapshot v1, https://goo.gl/fbAQLP

exports[`App Snapshot 1`] = `
<div
  className="container"
>
  <div
    className="row"
  >
    <nav
      className="navbar navbar-inverse"
      style={
        Object {
          "marginBottom": 0,
        }
      }
    >
      <div
        className="container"
      >
        <div
          className="navbar-header"
        >
          <li
            className="navbar-brand"
            role="presentation"
            style={undefined}
          >
            <a
              action="push"
              href="#"
              onClick={[Function]}
              role="button"
            >
              Carpe Noctem
            </a>
          </li>
          <button
            className="navbar-toggle collapsed"
            onClick={[Function]}
            type="button"
          >
            <span
              className="sr-only"
            >
              Toggle navigation
            </span>
            <span
              className="icon-bar"
            />
            <span
              className="icon-bar"
            />
            <span
              className="icon-bar"
            />
          </button>
        </div>
        <div
          aria-expanded={null}
          className="navbar-collapse collapse"
        >
          <ul
            className="nav navbar-nav"
            role={null}
          >
            <li
              className=""
              role="presentation"
              style={undefined}
            >
              <a
                action="push"
                href="#"
                onClick={[Function]}
                role="button"
              >
                Home
              </a>
            </li>
          </ul>
          <ul
            className="nav navbar-nav navbar-right"
            role={null}
          >
            <li
              className=""
              role="presentation"
              style={undefined}
            >
              <a
                action="push"
                href="#"
                onClick={[Function]}
                role="button"
              >
                Simple Game
              </a>
            </li>
            <li
              className=""
              role="presentation"
              style={undefined}
            >
              <a
                action="push"
                href="#"
                onClick={[Function]}
                role="button"
              >
                Moon Shooter
              </a>
            </li>
          </ul>
        </div>
      </div>
    </nav>
  </div>
  <div
    className="row"
  />
</div>
`;
